ְְְְְְְְְְְ
ֻֻֻֻֻֻֻֻֻֻֻ
ײײײײײײײײײײײ
בבבבבבבבבבב
ללללללללללל
קקקקקקקקקקק
‚‚‚‚‚‚‚‚‚‚‚

ְְְְְְְְְְְ
ֻֻֻֻֻֻֻֻֻֻֻ
ײײײײײײײײײײײ
בבבבבבבבבבב
ללללללללללל
קקקקקקקקקקק
‚‚‚‚‚‚‚‚‚‚‚

Wrong command!(only w,s,a,d accepted!)
You lose!
