I am: bin decomp
I am: bin decomp
I am: bin decomp
I am: bin decomp
I am: bin decomp
I am: bin decomp
I am: bin decomp
I am: bin decomp
I am: bin decomp
I am: bin decomp
10
