sh: ./Output/test_22.clang.lifted.exe: No such file or directory
