+-+---+---+
|X|     |#|
|X| --+ | |
| |   | | |
| +-- | | |
|     |   |
+-----+---+

+-+---+---+
|X|     |#|
|X| --+ | |
|X|   | | |
| +-- | | |
|     |   |
+-----+---+

+-+---+---+
|X|     |#|
|X| --+ | |
|X|   | | |
|X+-- | | |
|     |   |
+-----+---+

+-+---+---+
|X|     |#|
|X| --+ | |
|X|   | | |
|X+-- | | |
|X    |   |
+-----+---+

+-+---+---+
|X|     |#|
|X| --+ | |
|X|   | | |
|X+-- | | |
|XX   |   |
+-----+---+

+-+---+---+
|X|     |#|
|X| --+ | |
|X|   | | |
|X+-- | | |
|XXX  |   |
+-----+---+

+-+---+---+
|X|     |#|
|X| --+ | |
|X|   | | |
|X+-- | | |
|XXXX |   |
+-----+---+

+-+---+---+
|X|     |#|
|X| --+ | |
|X|   | | |
|X+-- | | |
|XXXXX|   |
+-----+---+

+-+---+---+
|X|     |#|
|X| --+ | |
|X|   | | |
|X+--X| | |
|XXXXX|   |
+-----+---+

+-+---+---+
|X|     |#|
|X| --+ | |
|X|  X| | |
|X+--X| | |
|XXXXX|   |
+-----+---+

+-+---+---+
|X|     |#|
|X| --+ | |
|X| XX| | |
|X+--X| | |
|XXXXX|   |
+-----+---+

+-+---+---+
|X|     |#|
|X| --+ | |
|X|XXX| | |
|X+--X| | |
|XXXXX|   |
+-----+---+

+-+---+---+
|X|     |#|
|X|X--+ | |
|X|XXX| | |
|X+--X| | |
|XXXXX|   |
+-----+---+

+-+---+---+
|X|X    |#|
|X|X--+ | |
|X|XXX| | |
|X+--X| | |
|XXXXX|   |
+-----+---+

+-+---+---+
|X|XX   |#|
|X|X--+ | |
|X|XXX| | |
|X+--X| | |
|XXXXX|   |
+-----+---+

+-+---+---+
|X|XXX  |#|
|X|X--+ | |
|X|XXX| | |
|X+--X| | |
|XXXXX|   |
+-----+---+

+-+---+---+
|X|XXXX |#|
|X|X--+ | |
|X|XXX| | |
|X+--X| | |
|XXXXX|   |
+-----+---+

+-+---+---+
|X|XXXXX|#|
|X|X--+ | |
|X|XXX| | |
|X+--X| | |
|XXXXX|   |
+-----+---+

+-+---+---+
|X|XXXXX|#|
|X|X--+X| |
|X|XXX| | |
|X+--X| | |
|XXXXX|   |
+-----+---+

+-+---+---+
|X|XXXXX|#|
|X|X--+X| |
|X|XXX|X| |
|X+--X| | |
|XXXXX|   |
+-----+---+

+-+---+---+
|X|XXXXX|#|
|X|X--+X| |
|X|XXX|X| |
|X+--X|X| |
|XXXXX|   |
+-----+---+

+-+---+---+
|X|XXXXX|#|
|X|X--+X| |
|X|XXX|X| |
|X+--X|X| |
|XXXXX|X  |
+-----+---+

+-+---+---+
|X|XXXXX|#|
|X|X--+X| |
|X|XXX|X| |
|X+--X|X| |
|XXXXX|XX |
+-----+---+

+-+---+---+
|X|XXXXX|#|
|X|X--+X| |
|X|XXX|X| |
|X+--X|X| |
|XXXXX|XXX|
+-----+---+

+-+---+---+
|X|XXXXX|#|
|X|X--+X| |
|X|XXX|X| |
|X+--X|X|X|
|XXXXX|XXX|
+-----+---+

+-+---+---+
|X|XXXXX|#|
|X|X--+X| |
|X|XXX|X|X|
|X+--X|X|X|
|XXXXX|XXX|
+-----+---+

+-+---+---+
|X|XXXXX|#|
|X|X--+X|X|
|X|XXX|X|X|
|X+--X|X|X|
|XXXXX|XXX|
+-----+---+

You win!
Your solution:ssssddddwwaawwddddssssddwwww 
